[debug] [2026-03-05T13:21:11.435Z] ----------------------------------------------------------------------
[debug] [2026-03-05T13:21:11.437Z] Command:       C:\Program Files\nodejs\node.exe C:\Program Files\nodejs\node_modules\firebase-tools\lib\bin\firebase.js init functions
[debug] [2026-03-05T13:21:11.437Z] CLI Version:   15.8.0
[debug] [2026-03-05T13:21:11.437Z] Platform:      win32
[debug] [2026-03-05T13:21:11.437Z] Node Version:  v22.12.0
[debug] [2026-03-05T13:21:11.438Z] Time:          Thu Mar 05 2026 06:21:11 GMT-0700 (Mountain Standard Time)
[debug] [2026-03-05T13:21:11.438Z] ----------------------------------------------------------------------
[debug] 
[debug] [2026-03-05T13:21:11.439Z] >>> [apiv2][query] GET https://firebase-public.firebaseio.com/cli.json [none]
[info] 
     ######## #### ########  ######## ########     ###     ######  ########
     ##        ##  ##     ## ##       ##     ##  ##   ##  ##       ##
     ######    ##  ########  ######   ########  #########  ######  ######
     ##        ##  ##    ##  ##       ##     ## ##     ##       ## ##
     ##       #### ##     ## ######## ########  ##     ##  ######  ########

You're about to initialize a Firebase project in this directory:

  C:\Website-code\PocketNarc

Before we get started, keep in mind:

  * You are currently outside your home directory

[debug] [2026-03-05T13:21:17.337Z] <<< [apiv2][status] GET https://firebase-public.firebaseio.com/cli.json 200
[debug] [2026-03-05T13:21:17.337Z] <<< [apiv2][body] GET https://firebase-public.firebaseio.com/cli.json {"cloudBuildErrorAfter":1594252800000,"cloudBuildWarnAfter":1590019200000,"defaultNode10After":1594252800000,"minVersion":"3.0.5","node8DeploysDisabledAfter":1613390400000,"node8RuntimeDisabledAfter":1615809600000,"node8WarnAfter":1600128000000}
[info] 
=== Project Setup
[info] 
[info] First, let's associate this project directory with a Firebase project.
[info] You can create multiple project aliases by running firebase use --add, 
[info] 
